Linux常用命令（只记录最常用得命令）：
1.ls命令
就是 list 的缩写，通过 ls 命令不仅可以查看 linux 文件夹包含的文件，而且可以查看文件权限(包括目录、文件夹、文件权限)查看目录信息等等。
(1)ls -a 
列出目录所有文件，包含以.开始的隐藏文件
(2)ls -l 
除了文件名之外，还将文件的权限、所有者、文件大小等信息详细列出来

2.cd
(1)cd /
进入根目录
例：autost@DESKTOP-IM2UOV2 MINGW64 ~/Desktop/ZjjGit/zjj_project (main)
$ cd /
autost@DESKTOP-IM2UOV2 MINGW64 /
(2)cd ~ 
进入 "home" 目录
例：autost@DESKTOP-IM2UOV2 MINGW64 ~/Desktop/ZjjGit/zjj_project (main)
$ cd ~
autost@DESKTOP-IM2UOV2 MINGW64 ~
(3)cd -
返回进入此目录之前所在目录
例：autost@DESKTOP-IM2UOV2 MINGW64 ~
$ cd -
/c/Users/autost/Desktop/ZjjGit/zjj_project
autost@DESKTOP-IM2UOV2 MINGW64 ~/Desktop/ZjjGit/zjj_project (main)
(4)cd …/ 或者 cd..
返回上一层目录


3.pwd 命令,pwd 命令用于查看当前工作目录路径。

4.mkdir
(1)mkdir -p：
创建一条完整的路径,当路径中的某个目录已经存在时，跳过该目录继续创建下一级目录,
若路径中的某些目录尚不存在,加上此选项后，系统将自动建立好那些尚不在的目录，即一次可以建立多个目录。
例：autost@DESKTOP-IM2UOV2 MINGW64 ~/Desktop/ZjjGit/zjj_project (main)
$ mkdir -p excise_tmp/tmp/t1
(2)mkdir -m：
在创建目录的同时设定权限
autost@DESKTOP-IM2UOV2 MINGW64 ~/Desktop/ZjjGit/zjj_project (main)
$ mkdir -p -m 664 excise_tmp2/tmp/t2

5.rm 命令
删除一个目录中的一个或多个文件或目录，如果没有使用 -r 选项，则 rm 不会删除目录。如果使用 rm 来删除文件，通常仍可以将该文件恢复原状。
(1)rm -i *.log
删除任何 .log 文件，删除前逐一询问确认：

例：删除a.log,b.log,c.log,d.log
autost@DESKTOP-IM2UOV2 MINGW64 ~/Desktop/ZjjGit/zjj_project (main)
$ ls
a.log  d.log   Mysql/        README.md  每日学习记录.txt  学习路线.jpg
b.log  Git/    postman工具/  Shell/     说明文档.txt      杨幂语录.docx
c.log  Linux/  Python/       Thumbs.db  学习参照表.pptx   张晶晶_简历_New.docx
autost@DESKTOP-IM2UOV2 MINGW64 ~/Desktop/ZjjGit/zjj_project (main)
$ rm -i *.log
rm: remove regular empty file 'a.log'? y
rm: remove regular empty file 'b.log'? y
rm: remove regular empty file 'c.log'? y
rm: remove regular empty file 'd.log'? y
autost@DESKTOP-IM2UOV2 MINGW64 ~/Desktop/ZjjGit/zjj_project (main)
$ ls
Git/    postman工具/  Shell/            说明文档.txt     杨幂语录.docx
Linux/  Python/       Thumbs.db         学习参照表.pptx  张晶晶_简历_New.docx
Mysql/  README.md     每日学习记录.txt  学习路线.jpg

(2)rm -rf test
删除 test 子目录及子目录中所有档案删除，并且不用一一确认：

例：删除所有e开头的文件夹
autost@DESKTOP-IM2UOV2 MINGW64 ~/Desktop/ZjjGit/zjj_project (main)
$ ls
excise_tmp/   excise_tmp6/  Python/           说明文档.txt
excise_tmp2/  Git/          README.md         学习参照表.pptx
excise_tmp3/  Linux/        Shell/            学习路线.jpg
excise_tmp4/  Mysql/        Thumbs.db         杨幂语录.docx
excise_tmp5/  postman工具/  每日学习记录.txt  张晶晶_简历_New.docx
autost@DESKTOP-IM2UOV2 MINGW64 ~/Desktop/ZjjGit/zjj_project (main)
$ rm -rf e*
autost@DESKTOP-IM2UOV2 MINGW64 ~/Desktop/ZjjGit/zjj_project (main)
$ ls
Git/    postman工具/  Shell/            说明文档.txt     杨幂语录.docx
Linux/  Python/       Thumbs.db         学习参照表.pptx  张晶晶_简历_New.docx
Mysql/  README.md     每日学习记录.txt  学习路线.jpg

(3)rm -- t*
删除以 - 开头的文件

例：删除t1,t2文件
autost@DESKTOP-IM2UOV2 MINGW64 ~/Desktop/ZjjGit/zjj_project (main)
$ ls
Git/          Python/    t2.txt            学习参照表.pptx
Linux/        README.md  Thumbs.db         学习路线.jpg
Mysql/        Shell/     每日学习记录.txt  杨幂语录.docx
postman工具/  t1.txt     说明文档.txt      张晶晶_简历_New.docx
autost@DESKTOP-IM2UOV2 MINGW64 ~/Desktop/ZjjGit/zjj_project (main)
$ rm -- t*
autost@DESKTOP-IM2UOV2 MINGW64 ~/Desktop/ZjjGit/zjj_project (main)
$ ls
Git/    postman工具/  Shell/            说明文档.txt     杨幂语录.docx
Linux/  Python/       Thumbs.db         学习参照表.pptx  张晶晶_简历_New.docx
Mysql/  README.md     每日学习记录.txt  学习路线.jpg

6.rmdir 删除
注意：不能删除非空目录
当子目录被删除后使它也成为空目录的话，则顺便一并删除：

例：excisetemp文件夹下有1个文件两个文件夹：a.txt  child/  chuild/，
执行rmdir -p excisetemp/child/报错，但是删掉a.txt后excisetemp/child自动被删除
autost@DESKTOP-IM2UOV2 MINGW64 ~/Desktop/ZjjGit/zjj_project/excisetemp (main)
$ ls
a.txt  child/  chuild/
autost@DESKTOP-IM2UOV2 MINGW64 ~/Desktop/ZjjGit/zjj_project/excisetemp (main)
$ cd ..
autost@DESKTOP-IM2UOV2 MINGW64 ~/Desktop/ZjjGit/zjj_project (main)
$ rmdir -p excisetemp/child/
rmdir: failed to remove directory 'excisetemp': Directory not empty
autost@DESKTOP-IM2UOV2 MINGW64 ~/Desktop/ZjjGit/zjj_project (main)
$ rm excisetemp/a.txt
autost@DESKTOP-IM2UOV2 MINGW64 ~/Desktop/ZjjGit/zjj_project/excisetemp (main)
$ ls
chuild/





